Γû▓ Next.js 16.1.6 (Turbopack)

  Creating an optimized production build ...
Γ£ô Compiled successfully in 4.3s
  Running TypeScript ...
  Collecting page data using 11 workers ...
  Generating static pages using 11 workers (0/12) ...
  Generating static pages using 11 workers (3/12) 
  Generating static pages using 11 workers (6/12) 
  Generating static pages using 11 workers (9/12) 
Γ£ô Generating static pages using 11 workers (12/12) in 413.1ms
  Finalizing page optimization ...

Route (app)
Γöî Γùï /
Γö£ Γùï /_not-found
Γö£ Γùï /certificates
Γö£ Γùï /dashboard
Γö£ Γùï /inspection
Γö£ Γùï /landing
Γö£ Γùï /notifications
Γö£ Γùï /profile
Γö£ Γùï /registration
Γöö Γùï /status


Γùï  (Static)  prerendered as static content

